nightly-dev-cu13-20260921-0f6761b5: Pulling from lmsysorg/sglang
689b91d88a0f: Already exists
95e35692d3cc: Already exists
5e25946ba40d: Already exists
f0af354daeda: Already exists
4f4fb700ef54: Already exists
ccf9c70a85fc: Already exists
730c8029606b: Already exists
a30da298bda6: Already exists
21e0ed254c8b: Already exists
cb3db0ad5ae0: Already exists
8bd080c2e4b2: Already exists
b533a7368b7d: Already exists
cc689184d8c0: Already exists
400821fd86ee: Already exists
adebc1576f3c: Already exists
4f4fb700ef54: Already exists
0e4087838ed7: Pulling fs layer
3d14dcd39d64: Pulling fs layer
71f3c816bdcd: Pulling fs layer
4f4fb700ef54: Pulling fs layer
e12fe411da94: Pulling fs layer
38d723a37bcd: Pulling fs layer
f3fd2736d579: Pulling fs layer
b36467eb5025: Pulling fs layer
0ee17894a032: Pulling fs layer
fd2ba3aa7856: Pulling fs layer
36589386323f: Pulling fs layer
4f4fb700ef54: Waiting
8fe8f7c4624c: Pulling fs layer
dab2b3db84dc: Pulling fs layer
0cd7b6a94177: Pulling fs layer
523118d1efe0: Pulling fs layer
c50fe0d952bd: Pulling fs layer
e12fe411da94: Waiting
396a3b8fbf2f: Pulling fs layer
6ea5df4d6a43: Pulling fs layer
145fc3d5ef40: Pulling fs layer
38d723a37bcd: Waiting
dab2b3db84dc: Waiting
6f13ecc0a7a2: Pulling fs layer
0ee17894a032: Waiting
a2da39b7490f: Pulling fs layer
f3fd2736d579: Waiting
993e4de44d3c: Pulling fs layer
64086ff78e57: Pulling fs layer
fd2ba3aa7856: Waiting
baff935c59fa: Pulling fs layer
15b31ab04102: Pulling fs layer
36589386323f: Waiting
8fe8f7c4624c: Waiting
b36467eb5025: Waiting
145fc3d5ef40: Waiting
03a145f9e58d: Pulling fs layer
0cd7b6a94177: Waiting
66c60fecda1b: Pulling fs layer
523118d1efe0: Waiting
a2da39b7490f: Waiting
6ea5df4d6a43: Waiting
dadcfc5f9ae7: Pulling fs layer
c50fe0d952bd: Waiting
6f13ecc0a7a2: Waiting
20908b6af870: Pulling fs layer
396a3b8fbf2f: Waiting
1d5ef2366dee: Pulling fs layer
99af84deb678: Pulling fs layer
15b31ab04102: Waiting
001d2a1810ff: Pulling fs layer
baff935c59fa: Waiting
88f7d4532ecb: Pulling fs layer
66c60fecda1b: Waiting
20908b6af870: Waiting
57b5037ec8ac: Pulling fs layer
99af84deb678: Waiting
dadcfc5f9ae7: Waiting
1d5ef2366dee: Waiting
001d2a1810ff: Waiting
b8b553f7ea7d: Pulling fs layer
03a145f9e58d: Waiting
88f7d4532ecb: Waiting
937048b25930: Pulling fs layer
57b5037ec8ac: Waiting
fb46e43ddffa: Pulling fs layer
9fc25a3937c3: Pulling fs layer
b8b553f7ea7d: Waiting
d69e9c5d0aac: Pulling fs layer
993e4de44d3c: Waiting
937048b25930: Waiting
501e3f66171b: Pulling fs layer
3d0417f3bf04: Pulling fs layer
fb46e43ddffa: Waiting
9fc25a3937c3: Waiting
5d617a49cb29: Pulling fs layer
3d0417f3bf04: Waiting
501e3f66171b: Waiting
b518faeffd2b: Pulling fs layer
5d617a49cb29: Waiting
d69e9c5d0aac: Waiting
3523ae26fa4b: Pulling fs layer
9dcac01ebe17: Pulling fs layer
3523ae26fa4b: Waiting
9709e803ec89: Pulling fs layer
55d158c728a3: Pulling fs layer
6d9f20647519: Pulling fs layer
9709e803ec89: Waiting
d820a886d7ff: Pulling fs layer
9dcac01ebe17: Waiting
55d158c728a3: Waiting
b518faeffd2b: Waiting
51299544e87c: Pulling fs layer
569ee8cb908a: Pulling fs layer
d820a886d7ff: Waiting
51299544e87c: Waiting
569ee8cb908a: Waiting
3d14dcd39d64: Verifying Checksum
3d14dcd39d64: Download complete
e12fe411da94: Verifying Checksum
e12fe411da94: Download complete
38d723a37bcd: Download complete
f3fd2736d579: Verifying Checksum
f3fd2736d579: Download complete
b36467eb5025: Verifying Checksum
b36467eb5025: Download complete
0e4087838ed7: Verifying Checksum
0e4087838ed7: Download complete
0e4087838ed7: Pull complete
3d14dcd39d64: Pull complete
0ee17894a032: Verifying Checksum
0ee17894a032: Download complete
36589386323f: Verifying Checksum
36589386323f: Download complete
8fe8f7c4624c: Verifying Checksum
8fe8f7c4624c: Download complete
dab2b3db84dc: Verifying Checksum
dab2b3db84dc: Download complete
0cd7b6a94177: Verifying Checksum
0cd7b6a94177: Download complete
71f3c816bdcd: Download complete
fd2ba3aa7856: Verifying Checksum
fd2ba3aa7856: Download complete
c50fe0d952bd: Verifying Checksum
c50fe0d952bd: Download complete
396a3b8fbf2f: Verifying Checksum
396a3b8fbf2f: Download complete
6ea5df4d6a43: Download complete
71f3c816bdcd: Pull complete
4f4fb700ef54: Pull complete
e12fe411da94: Pull complete
38d723a37bcd: Pull complete
145fc3d5ef40: Verifying Checksum
145fc3d5ef40: Download complete
f3fd2736d579: Pull complete
b36467eb5025: Pull complete
a2da39b7490f: Download complete
993e4de44d3c: Verifying Checksum
993e4de44d3c: Download complete
0ee17894a032: Pull complete
fd2ba3aa7856: Pull complete
36589386323f: Pull complete
8fe8f7c4624c: Pull complete
dab2b3db84dc: Pull complete
0cd7b6a94177: Pull complete
64086ff78e57: Verifying Checksum
64086ff78e57: Download complete
baff935c59fa: Verifying Checksum
baff935c59fa: Download complete
15b31ab04102: Verifying Checksum
15b31ab04102: Download complete
03a145f9e58d: Verifying Checksum
03a145f9e58d: Download complete
66c60fecda1b: Verifying Checksum
66c60fecda1b: Download complete
dadcfc5f9ae7: Verifying Checksum
dadcfc5f9ae7: Download complete
20908b6af870: Verifying Checksum
20908b6af870: Download complete
1d5ef2366dee: Verifying Checksum
1d5ef2366dee: Download complete
99af84deb678: Verifying Checksum
99af84deb678: Download complete
001d2a1810ff: Verifying Checksum
001d2a1810ff: Download complete
88f7d4532ecb: Verifying Checksum
88f7d4532ecb: Download complete
57b5037ec8ac: Verifying Checksum
57b5037ec8ac: Download complete
b8b553f7ea7d: Verifying Checksum
b8b553f7ea7d: Download complete
937048b25930: Verifying Checksum
937048b25930: Download complete
fb46e43ddffa: Verifying Checksum
fb46e43ddffa: Download complete
9fc25a3937c3: Verifying Checksum
9fc25a3937c3: Download complete
d69e9c5d0aac: Verifying Checksum
d69e9c5d0aac: Download complete
501e3f66171b: Verifying Checksum
501e3f66171b: Download complete
3d0417f3bf04: Download complete
6f13ecc0a7a2: Verifying Checksum
6f13ecc0a7a2: Download complete
5d617a49cb29: Verifying Checksum
5d617a49cb29: Download complete
b518faeffd2b: Download complete
3523ae26fa4b: Verifying Checksum
3523ae26fa4b: Download complete
9dcac01ebe17: Verifying Checksum
9dcac01ebe17: Download complete
55d158c728a3: Verifying Checksum
55d158c728a3: Download complete
9709e803ec89: Verifying Checksum
9709e803ec89: Download complete
d820a886d7ff: Verifying Checksum
d820a886d7ff: Download complete
51299544e87c: Verifying Checksum
51299544e87c: Download complete
569ee8cb908a: Verifying Checksum
569ee8cb908a: Download complete
523118d1efe0: Verifying Checksum
523118d1efe0: Download complete
6d9f20647519: Verifying Checksum
6d9f20647519: Download complete
523118d1efe0: Pull complete
c50fe0d952bd: Pull complete
396a3b8fbf2f: Pull complete
6ea5df4d6a43: Pull complete
145fc3d5ef40: Pull complete
6f13ecc0a7a2: Pull complete
a2da39b7490f: Pull complete
993e4de44d3c: Pull complete
64086ff78e57: Pull complete
baff935c59fa: Pull complete
15b31ab04102: Pull complete
03a145f9e58d: Pull complete
66c60fecda1b: Pull complete
dadcfc5f9ae7: Pull complete
20908b6af870: Pull complete
1d5ef2366dee: Pull complete
99af84deb678: Pull complete
001d2a1810ff: Pull complete
88f7d4532ecb: Pull complete
57b5037ec8ac: Pull complete
b8b553f7ea7d: Pull complete
937048b25930: Pull complete
fb46e43ddffa: Pull complete
9fc25a3937c3: Pull complete
d69e9c5d0aac: Pull complete
501e3f66171b: Pull complete
3d0417f3bf04: Pull complete
5d617a49cb29: Pull complete
b518faeffd2b: Pull complete
3523ae26fa4b: Pull complete
9dcac01ebe17: Pull complete
9709e803ec89: Pull complete
55d158c728a3: Pull complete
6d9f20647519: Pull complete
d820a886d7ff: Pull complete
51299544e87c: Pull complete
569ee8cb908a: Pull complete
Digest: sha256:987c7e4bd26918647211a5dcad72a2bdf2a5f394ac1469eff730e7517fc139be
Status: Downloaded newer image for lmsysorg/sglang:nightly-dev-cu13-20260921-0f6761b5
docker.io/lmsysorg/sglang:nightly-dev-cu13-20260921-0f6761b5
